|         493 |      112.77 |
|         494 |      140.69 |
|         495 |      120.74 |
|         496 |       88.79 |
|         497 |      129.72 |
|         498 |       97.73 |
|         499 |      123.70 |
|         500 |      115.72 |
|         501 |       89.79 |
|         502 |      138.66 |
|         503 |      115.68 |
|         504 |      133.72 |
|         505 |       97.79 |
|         506 |      152.65 |
|         507 |       95.75 |
|         508 |      127.75 |
|         509 |      100.80 |
|         510 |      122.74 |
|         511 |       99.76 |
|         512 |      115.74 |
|         513 |      148.69 |
|         514 |       74.78 |
|         515 |      126.72 |
|         516 |       98.74 |
|         517 |      105.75 |
|         518 |      111.74 |
|         519 |      103.77 |
|         520 |      134.68 |
|         521 |       80.77 |
|         522 |      167.67 |
|         523 |       93.78 |
|         524 |       87.81 |
|         525 |       74.81 |
|         526 |      221.55 |
|         527 |       81.76 |
|         528 |      111.75 |
|         529 |      118.71 |
|         530 |       76.77 |
|         531 |      118.75 |
|         532 |      152.68 |
|         533 |      141.67 |
|         534 |       88.76 |
|         535 |      135.68 |
|         536 |      117.75 |
|         537 |      103.75 |
|         538 |      117.71 |
|         539 |       90.78 |
|         540 |      112.76 |
|         541 |      108.76 |
|         542 |       94.82 |
|         543 |       82.78 |
|         544 |       98.78 |
|         545 |       89.79 |
|         546 |      103.75 |
|         547 |       99.77 |
|         548 |       79.81 |
|         549 |       77.80 |
|         550 |      159.68 |
|         551 |       96.74 |
|         552 |       90.79 |
|         553 |      107.76 |
|         554 |      101.78 |
|         555 |       74.83 |
|         556 |       83.79 |
|         557 |       73.76 |
|         558 |      135.72 |
|         559 |      110.72 |
|         560 |      132.70 |
|         561 |       96.73 |
|         562 |      109.75 |
|         563 |      110.71 |
|         564 |       91.76 |
|         565 |      126.71 |
|         566 |      141.66 |
|         567 |       85.80 |
|         568 |       66.79 |
|         569 |      134.68 |
|         570 |       99.74 |
|         571 |      121.76 |
|         572 |      108.75 |
|         573 |      120.71 |
|         574 |      109.72 |
|         575 |      126.71 |
|         576 |      139.66 |
|         577 |      117.73 |
|         578 |       96.78 |
|         579 |      111.73 |
|         580 |       99.73 |
|         581 |      107.73 |
|         582 |      113.75 |
|         583 |      117.77 |
|         584 |      129.70 |
|         585 |      117.76 |
|         586 |       64.81 |
|         587 |      108.74 |
|         588 |      115.71 |
|         589 |      129.72 |
|         590 |      112.75 |
|         591 |      134.73 |
|         592 |      111.71 |
|         593 |      113.74 |
|         594 |      130.73 |
|         595 |      117.70 |
|         596 |       96.72 |
|         597 |       99.75 |
|         598 |       83.78 |
|         599 |       83.81 |
+-------------+-------------+
599 rows in set (0.0499 sec)
 MySQL  localhost:33060+ ssl  sakila  SQL > SELECT first_name,last_name SUM(amount) AS total_pagos FROM payment GROUP BY customer_id;}
ERROR: 1064: You have an error in your SQL syntax; check the manual that corresponds to your MySQL server version for the right syntax to use near 'SUM(amount) AS total_pagos FROM payment GROUP BY customer_id' at line 1
                                         ->
                                         -> SELECT customer_id, SUM(amount) AS total_pagos FROM payment GROUP BY customer_id;
ERROR: 1064: You have an error in your SQL syntax; check the manual that corresponds to your MySQL server version for the right syntax to use near '}

SELECT customer_id, SUM(amount) AS total_pagos FROM payment GROUP BY customer' at line 1
 MySQL  localhost:33060+ ssl  sakila  SQL >  SELECT customer_id, SUM(amount) AS total_pagos FROM payment GROUP BY customer_id;
+-------------+-------------+
| customer_id | total_pagos |
+-------------+-------------+
|           1 |      118.68 |
|           2 |      128.73 |
|           3 |      135.74 |
|           4 |       81.78 |
|           5 |      144.62 |
|           6 |       93.72 |
|           7 |      151.67 |
|           8 |       92.76 |
|           9 |       89.77 |
|          10 |       99.75 |
|          11 |      106.76 |
|          12 |      103.72 |
|          13 |      131.73 |
|          14 |      117.72 |
|          15 |      134.68 |
|          16 |      118.72 |
|          17 |       98.79 |
|          18 |       91.78 |
|          19 |      125.76 |
|          20 |      115.70 |
|          21 |      155.65 |
|          22 |      113.78 |
|          23 |      119.70 |
|          24 |       95.75 |
|          25 |      115.71 |
|          26 |      152.66 |
|          27 |      126.69 |
|          28 |      111.68 |
|          29 |      140.64 |
|          30 |      123.66 |
|          31 |      104.74 |
|          32 |      127.71 |
|          33 |       91.79 |
|          34 |       89.76 |
|          35 |      129.68 |
|          36 |       92.73 |
|          37 |       95.77 |
|          38 |      127.66 |
|          39 |      141.71 |
|          40 |      110.73 |
|          41 |      118.75 |
|          42 |      117.70 |
|          43 |       99.76 |
|          44 |      114.74 |
|          45 |      127.73 |
|          46 |      142.66 |
|          47 |      108.78 |
|          48 |       76.83 |
|          49 |      130.72 |
|          50 |      169.65 |
|          51 |      138.67 |
|          52 |      107.71 |
|          53 |      115.70 |
|          54 |      128.71 |
|          55 |      100.78 |
|          56 |      135.70 |
|          57 |      114.72 |
|          58 |      115.73 |
|          59 |      133.73 |
|          60 |       98.75 |
|          61 |       58.86 |
|          62 |       84.77 |
|          63 |      112.75 |
|          64 |      100.67 |
|          65 |      103.78 |
|          66 |      144.66 |
|          67 |       99.78 |
|          68 |       94.78 |
|          69 |       96.75 |
|          70 |       80.82 |
|          71 |      129.70 |
|          72 |       99.70 |
|          73 |       97.76 |
|          74 |      103.73 |
|          75 |      155.59 |
|          76 |       77.77 |
|          77 |      100.72 |
|          78 |      141.69 |
|          79 |       84.78 |
|          80 |      137.70 |
|          81 |       93.78 |
|          82 |      130.74 |
|          83 |      101.75 |
|          84 |      141.67 |
|          85 |       87.77 |
|          86 |      148.67 |
|          87 |      145.70 |
|          88 |       87.79 |
|          89 |      134.68 |
|          90 |      110.72 |
|          91 |      113.65 |
|          92 |      133.72 |
|          93 |       91.77 |
|          94 |       79.79 |
|          95 |       77.82 |
|          96 |      105.73 |
|          97 |       58.82 |
|          98 |      106.75 |
|          99 |       91.76 |
|         100 |      102.76 |
|         101 |       96.76 |
|         102 |      137.67 |
|         103 |      146.69 |
|         104 |       92.76 |
|         105 |      120.74 |
|         106 |      100.77 |
|         107 |      126.70 |
|         108 |      132.70 |
|         109 |      107.74 |
|         110 |       59.86 |
|         111 |       97.74 |
|         112 |      133.70 |
|         113 |      113.71 |
|         114 |      139.67 |
|         115 |       91.70 |
|         116 |      111.73 |
|         117 |       71.81 |
|         118 |       82.79 |
|         119 |      153.66 |
|         120 |      143.68 |
|         121 |      109.74 |
|         122 |      126.68 |
|         123 |      100.76 |
|         124 |       73.82 |
|         125 |      135.68 |
|         126 |      117.72 |
|         127 |      107.76 |
|         128 |      127.68 |
|         129 |      124.66 |
|         130 |       93.76 |
|         131 |      128.70 |
|         132 |       95.72 |
|         133 |       98.73 |
|         134 |       94.77 |
|         135 |      110.70 |
|         136 |       62.85 |
|         137 |      194.61 |
|         138 |      110.66 |
|         139 |      113.73 |
|         140 |       83.82 |
|         141 |      130.68 |
|         142 |       94.74 |
|         143 |       89.78 |
|         144 |      195.58 |
|         145 |      108.72 |
|         146 |      139.71 |
|         147 |      127.66 |
|         148 |      216.54 |
|         149 |      121.74 |
|         150 |      105.75 |
|         151 |       92.73 |
|         152 |       83.79 |
|         153 |       94.76 |
|         154 |      130.70 |
|         155 |      109.75 |
|         156 |      101.75 |
|         157 |      113.69 |
|         158 |      126.68 |
|         159 |       68.79 |
|         160 |      106.73 |
|         161 |      112.70 |
|         162 |       71.80 |
|         163 |      122.71 |
|         164 |       66.84 |
|         165 |       86.79 |
|         166 |      123.72 |
|         167 |      119.68 |
|         168 |      135.66 |
|         169 |       95.78 |
|         170 |      119.74 |
|         171 |      114.74 |
|         172 |      145.67 |
|         173 |      119.71 |
|         174 |       92.79 |
|         175 |       98.76 |
|         176 |      173.63 |
|         177 |       71.77 |
|         178 |      194.61 |
|         179 |      133.71 |
|         180 |       98.77 |
|         181 |      174.66 |
|         182 |       97.74 |
|         183 |       76.77 |
|         184 |       90.77 |
|         185 |       84.77 |
|         186 |      114.69 |
|         187 |      159.72 |
|         188 |       92.75 |
|         189 |       93.78 |
|         190 |      110.73 |
|         191 |       74.80 |
|         192 |       99.77 |
|         193 |      109.75 |
|         194 |       87.82 |
|         195 |       86.81 |
|         196 |      151.65 |
|         197 |      154.60 |
|         198 |      141.63 |
|         199 |      103.75 |
|         200 |      136.73 |
|         201 |      108.75 |
|         202 |      103.74 |
|         203 |       88.80 |
|         204 |      147.65 |
|         205 |       80.82 |
|         206 |      126.73 |
|         207 |      137.66 |
|         208 |       91.74 |
|         209 |      161.68 |
|         210 |      137.69 |
|         211 |      151.66 |
|         212 |       91.80 |
|         213 |      111.72 |
|         214 |      116.69 |
|         215 |       91.74 |
|         216 |       95.77 |
|         217 |       98.77 |
|         218 |       67.82 |
|         219 |      101.74 |
|         220 |      114.73 |
|         221 |      132.72 |
|         222 |       91.79 |
|         223 |       80.83 |
|         224 |       76.78 |
|         225 |      120.74 |
|         226 |       87.79 |
|         227 |       87.76 |
|         228 |       92.73 |
|         229 |       93.75 |
|         230 |      124.67 |
|         231 |      110.74 |
|         232 |       95.75 |
|         233 |       89.77 |
|         234 |      111.74 |
|         235 |       93.75 |
|         236 |      175.58 |
|         237 |      144.67 |
|         238 |       94.79 |
|         239 |      142.66 |
|         240 |      117.74 |
|         241 |      122.66 |
|         242 |      140.68 |
|         243 |       82.76 |
|         244 |      129.68 |
|         245 |      132.68 |
|         246 |      107.77 |
|         247 |      104.78 |
|         248 |       50.85 |
|         249 |      107.77 |
|         250 |       73.80 |
|         251 |      120.69 |
|         252 |       64.78 |
|         253 |      127.71 |
|         254 |      116.68 |
|         255 |       70.82 |
|         256 |      112.70 |
|         257 |      151.63 |
|         258 |      110.76 |
|         259 |      168.68 |
|         260 |      122.69 |
|         261 |      107.74 |
|         262 |      119.72 |
|         263 |      122.71 |
|         264 |       98.75 |
|         265 |      133.71 |
|         266 |      118.72 |
|         267 |      159.64 |
|         268 |      123.71 |
|         269 |      129.70 |
|         270 |      104.75 |
|         271 |       68.82 |
|         272 |       98.80 |
|         273 |      157.65 |
|         274 |      152.65 |
|         275 |      108.70 |
|         276 |      122.72 |
|         277 |      144.68 |
|         278 |       88.74 |
|         279 |      135.69 |
|         280 |      118.73 |
|         281 |       50.86 |
|         282 |      103.73 |
|         283 |       86.72 |
|         284 |      126.72 |
|         285 |      135.74 |
|         286 |      117.73 |
|         287 |      115.71 |
|         288 |       80.76 |
|         289 |      142.70 |
|         290 |      109.72 |
|         291 |       95.77 |
|         292 |      118.73 |
|         293 |      158.69 |
|         294 |      113.74 |
|         295 |      162.62 |
|         296 |      129.70 |
|         297 |      128.67 |
|         298 |      101.74 |
|         299 |      131.70 |
|         300 |      137.69 |
|         301 |       92.79 |
|         302 |      127.71 |
|         303 |      100.74 |
|         304 |      115.74 |
|         305 |      109.75 |
|         306 |      138.68 |
|         307 |      134.70 |
|         308 |      105.75 |
|         309 |      147.69 |
|         310 |       97.80 |
|         311 |      120.77 |
|         312 |      104.74 |
|         313 |       89.77 |
|         314 |      131.67 |
|         315 |       84.83 |
|         316 |      132.71 |
|         317 |      114.72 |
|         318 |       52.88 |
|         319 |      132.70 |
|         320 |       71.80 |
|         321 |      116.78 |
|         322 |      128.72 |
|         323 |      114.69 |
|         324 |      103.75 |
|         325 |       91.78 |
|         326 |       96.75 |
|         327 |      112.74 |
|         328 |       90.77 |
|         329 |      127.68 |
|         330 |       94.75 |
|         331 |      122.73 |
|         332 |      118.72 |
|         333 |      109.73 |
|         334 |      135.70 |
|         335 |       78.77 |
|         336 |      119.70 |
|         337 |      143.71 |
|         338 |      114.72 |
|         339 |      127.70 |
|         340 |      119.69 |
|         341 |      106.77 |
|         342 |      130.68 |
|         343 |      114.75 |
|         344 |       73.82 |
|         345 |      106.77 |
|         346 |      155.68 |
|         347 |      142.70 |
|         348 |      146.64 |
|         349 |      138.71 |
|         350 |       73.77 |
|         351 |       89.76 |
|         352 |       99.77 |
|         353 |       72.82 |
|         354 |      129.64 |
|         355 |       72.80 |
|         356 |      121.70 |
|         357 |       89.74 |
|         358 |       80.79 |
|         359 |      101.75 |
|         360 |      150.66 |
|         361 |      100.69 |
|         362 |      145.68 |
|         363 |      143.71 |
|         364 |       95.77 |
|         365 |      103.77 |
|         366 |      152.63 |
|         367 |      101.78 |
|         368 |      157.65 |
|         369 |       88.75 |
|         370 |       70.81 |
|         371 |      149.65 |
|         372 |      158.66 |
|         373 |      161.65 |
|         374 |      103.72 |
|         375 |      110.76 |
|         376 |      110.72 |
|         377 |       93.74 |
|         378 |       71.81 |
|         379 |      106.77 |
|         380 |      136.64 |
|         381 |      106.65 |
|         382 |       91.76 |
|         383 |      103.73 |
|         384 |       89.75 |
|         385 |      101.74 |
|         386 |      117.71 |
|         387 |      101.74 |
|         388 |      124.70 |
|         389 |      124.74 |
|         390 |      152.67 |
|         391 |      104.70 |
|         392 |       91.77 |
|         393 |      121.69 |
|         394 |       84.78 |
|         395 |       57.81 |
|         396 |      111.73 |
|         397 |      105.71 |
|         398 |       78.84 |
|         399 |       91.79 |
|         400 |      124.72 |
|         401 |       73.79 |
|         402 |       79.80 |
|         403 |      166.65 |
|         404 |      139.70 |
|         405 |      109.68 |
|         406 |      122.68 |
|         407 |      112.73 |
|         408 |      116.70 |
|         409 |      104.77 |
|         410 |      167.62 |
|         411 |       80.74 |
|         412 |       85.79 |
|         413 |       75.79 |
|         414 |      105.75 |
|         415 |       93.77 |
|         416 |      121.69 |
|         417 |      110.75 |
|         418 |      107.70 |
|         419 |       89.75 |
|         420 |       79.79 |
|         421 |      119.73 |
|         422 |       97.74 |
|         423 |      120.74 |
|         424 |      110.70 |
|         425 |      104.74 |
|         426 |      126.73 |
|         427 |      114.76 |
|         428 |       78.80 |
|         429 |      105.79 |
|         430 |       79.78 |
|         431 |       95.77 |
|         432 |      116.77 |
|         433 |      133.75 |
|         434 |      128.73 |
|         435 |       91.75 |
|         436 |      144.70 |
|         437 |       99.77 |
|         438 |      134.67 |
|         439 |      151.64 |
|         440 |       88.78 |
|         441 |      112.72 |
|         442 |      118.68 |
|         443 |       98.78 |
|         444 |      115.70 |
|         445 |      102.74 |
|         446 |      116.69 |
|         447 |      113.71 |
|         448 |      135.71 |
|         449 |       99.80 |
|         450 |       89.74 |
|         451 |      128.67 |
|         452 |      107.68 |
|         453 |      111.77 |
|         454 |      151.67 |
|         455 |       87.76 |
|         456 |      100.75 |
|         457 |      114.72 |
|         458 |       66.81 |
|         459 |      186.62 |
|         460 |      109.75 |
|         461 |       97.72 |
|         462 |      159.67 |
|         463 |       91.75 |
|         464 |       73.84 |
|         465 |       69.83 |
|         466 |      104.77 |
|         467 |      139.71 |
|         468 |      175.61 |
|         469 |      177.60 |
|         470 |      160.68 |
|         471 |      109.73 |
|         472 |      141.70 |
|         473 |      134.66 |
|         474 |      100.74 |
|         475 |      103.76 |
|         476 |       95.78 |
|         477 |      109.78 |
|         478 |       86.81 |
|         479 |      146.69 |
|         480 |      101.78 |
|         481 |      115.71 |
|         482 |      138.71 |
|         483 |       88.82 |
|         484 |      139.70 |
|         485 |      115.71 |
|         486 |      113.74 |
|         487 |      119.74 |
|         488 |       95.78 |
|         489 |       99.79 |
|         490 |      117.76 |
|         491 |      124.73 |
|         492 |       65.84 |
|         493 |      112.77 |
|         494 |      140.69 |
|         495 |      120.74 |
|         496 |       88.79 |
|         497 |      129.72 |
|         498 |       97.73 |
|         499 |      123.70 |
|         500 |      115.72 |
|         501 |       89.79 |
|         502 |      138.66 |
|         503 |      115.68 |
|         504 |      133.72 |
|         505 |       97.79 |
|         506 |      152.65 |
|         507 |       95.75 |
|         508 |      127.75 |
|         509 |      100.80 |
|         510 |      122.74 |
|         511 |       99.76 |
|         512 |      115.74 |
|         513 |      148.69 |
|         514 |       74.78 |
|         515 |      126.72 |
|         516 |       98.74 |
|         517 |      105.75 |
|         518 |      111.74 |
|         519 |      103.77 |
|         520 |      134.68 |
|         521 |       80.77 |
|         522 |      167.67 |
|         523 |       93.78 |
|         524 |       87.81 |
|         525 |       74.81 |
|         526 |      221.55 |
|         527 |       81.76 |
|         528 |      111.75 |
|         529 |      118.71 |
|         530 |       76.77 |
|         531 |      118.75 |
|         532 |      152.68 |
|         533 |      141.67 |
|         534 |       88.76 |
|         535 |      135.68 |
|         536 |      117.75 |
|         537 |      103.75 |
|         538 |      117.71 |
|         539 |       90.78 |
|         540 |      112.76 |
|         541 |      108.76 |
|         542 |       94.82 |
|         543 |       82.78 |
|         544 |       98.78 |
|         545 |       89.79 |
|         546 |      103.75 |
|         547 |       99.77 |
|         548 |       79.81 |
|         549 |       77.80 |
|         550 |      159.68 |
|         551 |       96.74 |
|         552 |       90.79 |
|         553 |      107.76 |
|         554 |      101.78 |
|         555 |       74.83 |
|         556 |       83.79 |
|         557 |       73.76 |
|         558 |      135.72 |
|         559 |      110.72 |
|         560 |      132.70 |
|         561 |       96.73 |
|         562 |      109.75 |
|         563 |      110.71 |
|         564 |       91.76 |
|         565 |      126.71 |
|         566 |      141.66 |
|         567 |       85.80 |
|         568 |       66.79 |
|         569 |      134.68 |
|         570 |       99.74 |
|         571 |      121.76 |
|         572 |      108.75 |
|         573 |      120.71 |
|         574 |      109.72 |
|         575 |      126.71 |
|         576 |      139.66 |
|         577 |      117.73 |
|         578 |       96.78 |
|         579 |      111.73 |
|         580 |       99.73 |
|         581 |      107.73 |
|         582 |      113.75 |
|         583 |      117.77 |
|         584 |      129.70 |
|         585 |      117.76 |
|         586 |       64.81 |
|         587 |      108.74 |
|         588 |      115.71 |
|         589 |      129.72 |
|         590 |      112.75 |
|         591 |      134.73 |
|         592 |      111.71 |
|         593 |      113.74 |
|         594 |      130.73 |
|         595 |      117.70 |
|         596 |       96.72 |
|         597 |       99.75 |
|         598 |       83.78 |
|         599 |       83.81 |
+-------------+-------------+
599 rows in set (0.0452 sec)
 MySQL  localhost:33060+ ssl  sakila  SQL > SELECT first_name,last_name SUM(amount) AS total_pagos FROM payment GROUP BY customer_id;
ERROR: 1064: You have an error in your SQL syntax; check the manual that corresponds to your MySQL server version for the right syntax to use near 'SUM(amount) AS total_pagos FROM payment GROUP BY customer_id' at line 1
 MySQL  localhost:33060+ ssl  sakila  SQL > desc payment;
+--------------+-------------------+------+-----+-------------------+-----------------------------------------------+
| Field        | Type              | Null | Key | Default           | Extra                                         |
+--------------+-------------------+------+-----+-------------------+-----------------------------------------------+
| payment_id   | smallint unsigned | NO   | PRI | NULL              | auto_increment                                |
| customer_id  | smallint unsigned | NO   | MUL | NULL              |                                               |
| staff_id     | tinyint unsigned  | NO   | MUL | NULL              |                                               |
| rental_id    | int               | YES  | MUL | NULL              |                                               |
| amount       | decimal(5,2)      | NO   |     | NULL              |                                               |
| payment_date | datetime          | NO   |     | NULL              |                                               |
| last_update  | timestamp         | YES  |     | CURRENT_TIMESTAMP | DEFAULT_GENERATED on update CURRENT_TIMESTAMP |
+--------------+-------------------+------+-----+-------------------+-----------------------------------------------+
7 rows in set (0.0028 sec)
 MySQL  localhost:33060+ ssl  sakila  SQL > SELECT customer_id, SUM(amount) AS total_pagos FROM payment GROUP BY customer_id;
+-------------+-------------+
| customer_id | total_pagos |
+-------------+-------------+
|           1 |      118.68 |
|           2 |      128.73 |
|           3 |      135.74 |
|           4 |       81.78 |
|           5 |      144.62 |
|           6 |       93.72 |
|           7 |      151.67 |
|           8 |       92.76 |
|           9 |       89.77 |
|          10 |       99.75 |
|          11 |      106.76 |
|          12 |      103.72 |
|          13 |      131.73 |
|          14 |      117.72 |
|          15 |      134.68 |
|          16 |      118.72 |
|          17 |       98.79 |
|          18 |       91.78 |
|          19 |      125.76 |
|          20 |      115.70 |
|          21 |      155.65 |
|          22 |      113.78 |
|          23 |      119.70 |
|          24 |       95.75 |
|          25 |      115.71 |
|          26 |      152.66 |
|          27 |      126.69 |
|          28 |      111.68 |
|          29 |      140.64 |
|          30 |      123.66 |
|          31 |      104.74 |
|          32 |      127.71 |
|          33 |       91.79 |
|          34 |       89.76 |
|          35 |      129.68 |
|          36 |       92.73 |
|          37 |       95.77 |
|          38 |      127.66 |
|          39 |      141.71 |
|          40 |      110.73 |
|          41 |      118.75 |
|          42 |      117.70 |
|          43 |       99.76 |
|          44 |      114.74 |
|          45 |      127.73 |
|          46 |      142.66 |
|          47 |      108.78 |
|          48 |       76.83 |
|          49 |      130.72 |
|          50 |      169.65 |
|          51 |      138.67 |
|          52 |      107.71 |
|          53 |      115.70 |
|          54 |      128.71 |
|          55 |      100.78 |
|          56 |      135.70 |
|          57 |      114.72 |
|          58 |      115.73 |
|          59 |      133.73 |
|          60 |       98.75 |
|          61 |       58.86 |
|          62 |       84.77 |
|          63 |      112.75 |
|          64 |      100.67 |
|          65 |      103.78 |
|          66 |      144.66 |
|          67 |       99.78 |
|          68 |       94.78 |
|          69 |       96.75 |
|          70 |       80.82 |
|          71 |      129.70 |
|          72 |       99.70 |
|          73 |       97.76 |
|          74 |      103.73 |
|          75 |      155.59 |
|          76 |       77.77 |
|          77 |      100.72 |
|          78 |      141.69 |
|          79 |       84.78 |
|          80 |      137.70 |
|          81 |       93.78 |
|          82 |      130.74 |
|          83 |      101.75 |
|          84 |      141.67 |
|          85 |       87.77 |
|          86 |      148.67 |
|          87 |      145.70 |
|          88 |       87.79 |
|          89 |      134.68 |
|          90 |      110.72 |
|          91 |      113.65 |
|          92 |      133.72 |
|          93 |       91.77 |
|          94 |       79.79 |
|          95 |       77.82 |
|          96 |      105.73 |
|          97 |       58.82 |
|          98 |      106.75 |
|          99 |       91.76 |
|         100 |      102.76 |
|         101 |       96.76 |
|         102 |      137.67 |
|         103 |      146.69 |
|         104 |       92.76 |
|         105 |      120.74 |
|         106 |      100.77 |
|         107 |      126.70 |
|         108 |      132.70 |
|         109 |      107.74 |
|         110 |       59.86 |
|         111 |       97.74 |
|         112 |      133.70 |
|         113 |      113.71 |
|         114 |      139.67 |
|         115 |       91.70 |
|         116 |      111.73 |
|         117 |       71.81 |
|         118 |       82.79 |
|         119 |      153.66 |
|         120 |      143.68 |
|         121 |      109.74 |
|         122 |      126.68 |
|         123 |      100.76 |
|         124 |       73.82 |
|         125 |      135.68 |
|         126 |      117.72 |
|         127 |      107.76 |
|         128 |      127.68 |
|         129 |      124.66 |
|         130 |       93.76 |
|         131 |      128.70 |
|         132 |       95.72 |
|         133 |       98.73 |
|         134 |       94.77 |
|         135 |      110.70 |
|         136 |       62.85 |
|         137 |      194.61 |
|         138 |      110.66 |
|         139 |      113.73 |
|         140 |       83.82 |
|         141 |      130.68 |
|         142 |       94.74 |
|         143 |       89.78 |
|         144 |      195.58 |
|         145 |      108.72 |
|         146 |      139.71 |
|         147 |      127.66 |
|         148 |      216.54 |
|         149 |      121.74 |
|         150 |      105.75 |
|         151 |       92.73 |
|         152 |       83.79 |
|         153 |       94.76 |
|         154 |      130.70 |
|         155 |      109.75 |
|         156 |      101.75 |
|         157 |      113.69 |
|         158 |      126.68 |
|         159 |       68.79 |
|         160 |      106.73 |
|         161 |      112.70 |
|         162 |       71.80 |
|         163 |      122.71 |
|         164 |       66.84 |
|         165 |       86.79 |
|         166 |      123.72 |
|         167 |      119.68 |
|         168 |      135.66 |
|         169 |       95.78 |
|         170 |      119.74 |
|         171 |      114.74 |
|         172 |      145.67 |
|         173 |      119.71 |
|         174 |       92.79 |
|         175 |       98.76 |
|         176 |      173.63 |
|         177 |       71.77 |
|         178 |      194.61 |
|         179 |      133.71 |
|         180 |       98.77 |
|         181 |      174.66 |
|         182 |       97.74 |
|         183 |       76.77 |
|         184 |       90.77 |
|         185 |       84.77 |
|         186 |      114.69 |
|         187 |      159.72 |
|         188 |       92.75 |
|         189 |       93.78 |
|         190 |      110.73 |
|         191 |       74.80 |
|         192 |       99.77 |
|         193 |      109.75 |
|         194 |       87.82 |
|         195 |       86.81 |
|         196 |      151.65 |
|         197 |      154.60 |
|         198 |      141.63 |
|         199 |      103.75 |
|         200 |      136.73 |
|         201 |      108.75 |
|         202 |      103.74 |
|         203 |       88.80 |
|         204 |      147.65 |
|         205 |       80.82 |
|         206 |      126.73 |
|         207 |      137.66 |
|         208 |       91.74 |
|         209 |      161.68 |
|         210 |      137.69 |
|         211 |      151.66 |
|         212 |       91.80 |
|         213 |      111.72 |
|         214 |      116.69 |
|         215 |       91.74 |
|         216 |       95.77 |
|         217 |       98.77 |
|         218 |       67.82 |
|         219 |      101.74 |
|         220 |      114.73 |
|         221 |      132.72 |
|         222 |       91.79 |
|         223 |       80.83 |
|         224 |       76.78 |
|         225 |      120.74 |
|         226 |       87.79 |
|         227 |       87.76 |
|         228 |       92.73 |
|         229 |       93.75 |
|         230 |      124.67 |
|         231 |      110.74 |
|         232 |       95.75 |
|         233 |       89.77 |
|         234 |      111.74 |
|         235 |       93.75 |
|         236 |      175.58 |
|         237 |      144.67 |
|         238 |       94.79 |
|         239 |      142.66 |
|         240 |      117.74 |
|         241 |      122.66 |
|         242 |      140.68 |
|         243 |       82.76 |
|         244 |      129.68 |
|         245 |      132.68 |
|         246 |      107.77 |
|         247 |      104.78 |
|         248 |       50.85 |
|         249 |      107.77 |
|         250 |       73.80 |
|         251 |      120.69 |
|         252 |       64.78 |
|         253 |      127.71 |
|         254 |      116.68 |
|         255 |       70.82 |
|         256 |      112.70 |
|         257 |      151.63 |
|         258 |      110.76 |
|         259 |      168.68 |
|         260 |      122.69 |
|         261 |      107.74 |
|         262 |      119.72 |
|         263 |      122.71 |
|         264 |       98.75 |
|         265 |      133.71 |
|         266 |      118.72 |
|         267 |      159.64 |
|         268 |      123.71 |
|         269 |      129.70 |
|         270 |      104.75 |
|         271 |       68.82 |
|         272 |       98.80 |
|         273 |      157.65 |
|         274 |      152.65 |
|         275 |      108.70 |
|         276 |      122.72 |
|         277 |      144.68 |
|         278 |       88.74 |
|         279 |      135.69 |
|         280 |      118.73 |
|         281 |       50.86 |
|         282 |      103.73 |
|         283 |       86.72 |
|         284 |      126.72 |
|         285 |      135.74 |
|         286 |      117.73 |
|         287 |      115.71 |
|         288 |       80.76 |
|         289 |      142.70 |
|         290 |      109.72 |
|         291 |       95.77 |
|         292 |      118.73 |
|         293 |      158.69 |
|         294 |      113.74 |
|         295 |      162.62 |
|         296 |      129.70 |
|         297 |      128.67 |
|         298 |      101.74 |
|         299 |      131.70 |
|         300 |      137.69 |
|         301 |       92.79 |
|         302 |      127.71 |
|         303 |      100.74 |
|         304 |      115.74 |
|         305 |      109.75 |
|         306 |      138.68 |
|         307 |      134.70 |
|         308 |      105.75 |
|         309 |      147.69 |
|         310 |       97.80 |
|         311 |      120.77 |
|         312 |      104.74 |
|         313 |       89.77 |
|         314 |      131.67 |
|         315 |       84.83 |
|         316 |      132.71 |
|         317 |      114.72 |
|         318 |       52.88 |
|         319 |      132.70 |
|         320 |       71.80 |
|         321 |      116.78 |
|         322 |      128.72 |
|         323 |      114.69 |
|         324 |      103.75 |
|         325 |       91.78 |
|         326 |       96.75 |
|         327 |      112.74 |
|         328 |       90.77 |
|         329 |      127.68 |
|         330 |       94.75 |
|         331 |      122.73 |
|         332 |      118.72 |
|         333 |      109.73 |
|         334 |      135.70 |
|         335 |       78.77 |
|         336 |      119.70 |
|         337 |      143.71 |
|         338 |      114.72 |
|         339 |      127.70 |
|         340 |      119.69 |
|         341 |      106.77 |
|         342 |      130.68 |
|         343 |      114.75 |
|         344 |       73.82 |
|         345 |      106.77 |
|         346 |      155.68 |
|         347 |      142.70 |
|         348 |      146.64 |
|         349 |      138.71 |
|         350 |       73.77 |
|         351 |       89.76 |
|         352 |       99.77 |
|         353 |       72.82 |
|         354 |      129.64 |
|         355 |       72.80 |
|         356 |      121.70 |
|         357 |       89.74 |
|         358 |       80.79 |
|         359 |      101.75 |
|         360 |      150.66 |
|         361 |      100.69 |
|         362 |      145.68 |
|         363 |      143.71 |
|         364 |       95.77 |
|         365 |      103.77 |
|         366 |      152.63 |
|         367 |      101.78 |
|         368 |      157.65 |
|         369 |       88.75 |
|         370 |       70.81 |
|         371 |      149.65 |
|         372 |      158.66 |
|         373 |      161.65 |
|         374 |      103.72 |
|         375 |      110.76 |
|         376 |      110.72 |
|         377 |       93.74 |
|         378 |       71.81 |
|         379 |      106.77 |
|         380 |      136.64 |
|         381 |      106.65 |
|         382 |       91.76 |
|         383 |      103.73 |
|         384 |       89.75 |
|         385 |      101.74 |
|         386 |      117.71 |
|         387 |      101.74 |
|         388 |      124.70 |
|         389 |      124.74 |
|         390 |      152.67 |
|         391 |      104.70 |
|         392 |       91.77 |
|         393 |      121.69 |
|         394 |       84.78 |
|         395 |       57.81 |
|         396 |      111.73 |
|         397 |      105.71 |
|         398 |       78.84 |
|         399 |       91.79 |
|         400 |      124.72 |
|         401 |       73.79 |
|         402 |       79.80 |
|         403 |      166.65 |
|         404 |      139.70 |
|         405 |      109.68 |
|         406 |      122.68 |
|         407 |      112.73 |
|         408 |      116.70 |
|         409 |      104.77 |
|         410 |      167.62 |
|         411 |       80.74 |
|         412 |       85.79 |
|         413 |       75.79 |
|         414 |      105.75 |
|         415 |       93.77 |
|         416 |      121.69 |
|         417 |      110.75 |
|         418 |      107.70 |
|         419 |       89.75 |
|         420 |       79.79 |
|         421 |      119.73 |
|         422 |       97.74 |
|         423 |      120.74 |
|         424 |      110.70 |
|         425 |      104.74 |
|         426 |      126.73 |
|         427 |      114.76 |
|         428 |       78.80 |
|         429 |      105.79 |
|         430 |       79.78 |
|         431 |       95.77 |
|         432 |      116.77 |
|         433 |      133.75 |
|         434 |      128.73 |
|         435 |       91.75 |
|         436 |      144.70 |
|         437 |       99.77 |
|         438 |      134.67 |
|         439 |      151.64 |
|         440 |       88.78 |
|         441 |      112.72 |
|         442 |      118.68 |
|         443 |       98.78 |
|         444 |      115.70 |
|         445 |      102.74 |
|         446 |      116.69 |
|         447 |      113.71 |
|         448 |      135.71 |
|         449 |       99.80 |
|         450 |       89.74 |
|         451 |      128.67 |
|         452 |      107.68 |
|         453 |      111.77 |
|         454 |      151.67 |
|         455 |       87.76 |
|         456 |      100.75 |
|         457 |      114.72 |
|         458 |       66.81 |
|         459 |      186.62 |
|         460 |      109.75 |
|         461 |       97.72 |
|         462 |      159.67 |
|         463 |       91.75 |
|         464 |       73.84 |
|         465 |       69.83 |
|         466 |      104.77 |
|         467 |      139.71 |
|         468 |      175.61 |
|         469 |      177.60 |
|         470 |      160.68 |
|         471 |      109.73 |
|         472 |      141.70 |
|         473 |      134.66 |
|         474 |      100.74 |
|         475 |      103.76 |
|         476 |       95.78 |
|         477 |      109.78 |
|         478 |       86.81 |
|         479 |      146.69 |
|         480 |      101.78 |
|         481 |      115.71 |
|         482 |      138.71 |
|         483 |       88.82 |
|         484 |      139.70 |
|         485 |      115.71 |
|         486 |      113.74 |
|         487 |      119.74 |
|         488 |       95.78 |
|         489 |       99.79 |
|         490 |      117.76 |
|         491 |      124.73 |
|         492 |       65.84 |
|         493 |      112.77 |
|         494 |      140.69 |
|         495 |      120.74 |
|         496 |       88.79 |
|         497 |      129.72 |
|         498 |       97.73 |
|         499 |      123.70 |
|         500 |      115.72 |
|         501 |       89.79 |
|         502 |      138.66 |
|         503 |      115.68 |
|         504 |      133.72 |
|         505 |       97.79 |
|         506 |      152.65 |
|         507 |       95.75 |
|         508 |      127.75 |
|         509 |      100.80 |
|         510 |      122.74 |
|         511 |       99.76 |
|         512 |      115.74 |
|         513 |      148.69 |
|         514 |       74.78 |
|         515 |      126.72 |
|         516 |       98.74 |
|         517 |      105.75 |
|         518 |      111.74 |
|         519 |      103.77 |
|         520 |      134.68 |
|         521 |       80.77 |
|         522 |      167.67 |
|         523 |       93.78 |
|         524 |       87.81 |
|         525 |       74.81 |
|         526 |      221.55 |
|         527 |       81.76 |
|         528 |      111.75 |
|         529 |      118.71 |
|         530 |       76.77 |
|         531 |      118.75 |
|         532 |      152.68 |
|         533 |      141.67 |
|         534 |       88.76 |
|         535 |      135.68 |
|         536 |      117.75 |
|         537 |      103.75 |
|         538 |      117.71 |
|         539 |       90.78 |
|         540 |      112.76 |
|         541 |      108.76 |
|         542 |       94.82 |
|         543 |       82.78 |
|         544 |       98.78 |
|         545 |       89.79 |
|         546 |      103.75 |
|         547 |       99.77 |
|         548 |       79.81 |
|         549 |       77.80 |
|         550 |      159.68 |
|         551 |       96.74 |
|         552 |       90.79 |
|         553 |      107.76 |
|         554 |      101.78 |
|         555 |       74.83 |
|         556 |       83.79 |
|         557 |       73.76 |
|         558 |      135.72 |
|         559 |      110.72 |
|         560 |      132.70 |
|         561 |       96.73 |
|         562 |      109.75 |
|         563 |      110.71 |
|         564 |       91.76 |
|         565 |      126.71 |
|         566 |      141.66 |
|         567 |       85.80 |
|         568 |       66.79 |
|         569 |      134.68 |
|         570 |       99.74 |
|         571 |      121.76 |
|         572 |      108.75 |
|         573 |      120.71 |
|         574 |      109.72 |
|         575 |      126.71 |
|         576 |      139.66 |
|         577 |      117.73 |
|         578 |       96.78 |
|         579 |      111.73 |
|         580 |       99.73 |
|         581 |      107.73 |
|         582 |      113.75 |
|         583 |      117.77 |
|         584 |      129.70 |
|         585 |      117.76 |
|         586 |       64.81 |
|         587 |      108.74 |
|         588 |      115.71 |
|         589 |      129.72 |
|         590 |      112.75 |
|         591 |      134.73 |
|         592 |      111.71 |
|         593 |      113.74 |
|         594 |      130.73 |
|         595 |      117.70 |
|         596 |       96.72 |
|         597 |       99.75 |
|         598 |       83.78 |
|         599 |       83.81 |
+-------------+-------------+
599 rows in set (0.0464 sec)
 MySQL  localhost:33060+ ssl  sakila  SQL > select a.first_name, a.last_name, sum(b.amount) as total from customer a left join payment b on a.customer_id = b.customer group by cutomer_id;
ERROR: 1054: Unknown column 'b.customer' in 'on clause'
 MySQL  localhost:33060+ ssl  sakila  SQL > select a.first_name, a.last_name, sum(b.amount) as total from customer a left join payment b on a.customer_id = b.customer_id group by cutomer_id;
ERROR: 1054: Unknown column 'cutomer_id' in 'group statement'
 MySQL  localhost:33060+ ssl  sakila  SQL > select a.first_name, a.last_name, sum(b.amount) as total from customer a left join payment b on a.customer_id = b.customer_id group by customer_id;
ERROR: 1052: Column 'customer_id' in group statement is ambiguous
 MySQL  localhost:33060+ ssl  sakila  SQL > select a.first_name, a.last_name, sum(b.amount) as total from customer a left join payment b on a.customer_id = b.customer_id group by a.customer_id;
+-------------+--------------+--------+
| first_name  | last_name    | total  |
+-------------+--------------+--------+
| MARY        | SMITH        | 118.68 |
| PATRICIA    | JOHNSON      | 128.73 |
| LINDA       | WILLIAMS     | 135.74 |
| BARBARA     | JONES        |  81.78 |
| ELIZABETH   | BROWN        | 144.62 |
| JENNIFER    | DAVIS        |  93.72 |
| MARIA       | MILLER       | 151.67 |
| SUSAN       | WILSON       |  92.76 |
| MARGARET    | MOORE        |  89.77 |
| DOROTHY     | TAYLOR       |  99.75 |
| LISA        | ANDERSON     | 106.76 |
| NANCY       | THOMAS       | 103.72 |
| KAREN       | JACKSON      | 131.73 |
| BETTY       | WHITE        | 117.72 |
| HELEN       | HARRIS       | 134.68 |
| SANDRA      | MARTIN       | 118.72 |
| DONNA       | THOMPSON     |  98.79 |
| CAROL       | GARCIA       |  91.78 |
| RUTH        | MARTINEZ     | 125.76 |
| SHARON      | ROBINSON     | 115.70 |
| MICHELLE    | CLARK        | 155.65 |
| LAURA       | RODRIGUEZ    | 113.78 |
| SARAH       | LEWIS        | 119.70 |
| KIMBERLY    | LEE          |  95.75 |
| DEBORAH     | WALKER       | 115.71 |
| JESSICA     | HALL         | 152.66 |
| SHIRLEY     | ALLEN        | 126.69 |
| CYNTHIA     | YOUNG        | 111.68 |
| ANGELA      | HERNANDEZ    | 140.64 |
| MELISSA     | KING         | 123.66 |
| BRENDA      | WRIGHT       | 104.74 |
| AMY         | LOPEZ        | 127.71 |
| ANNA        | HILL         |  91.79 |
| REBECCA     | SCOTT        |  89.76 |
| VIRGINIA    | GREEN        | 129.68 |
| KATHLEEN    | ADAMS        |  92.73 |
| PAMELA      | BAKER        |  95.77 |
| MARTHA      | GONZALEZ     | 127.66 |
| DEBRA       | NELSON       | 141.71 |
| AMANDA      | CARTER       | 110.73 |
| STEPHANIE   | MITCHELL     | 118.75 |
| CAROLYN     | PEREZ        | 117.70 |
| CHRISTINE   | ROBERTS      |  99.76 |
| MARIE       | TURNER       | 114.74 |
| JANET       | PHILLIPS     | 127.73 |
| CATHERINE   | CAMPBELL     | 142.66 |
| FRANCES     | PARKER       | 108.78 |
| ANN         | EVANS        |  76.83 |
| JOYCE       | EDWARDS      | 130.72 |
| DIANE       | COLLINS      | 169.65 |
| ALICE       | STEWART      | 138.67 |
| JULIE       | SANCHEZ      | 107.71 |
| HEATHER     | MORRIS       | 115.70 |
| TERESA      | ROGERS       | 128.71 |
| DORIS       | REED         | 100.78 |
| GLORIA      | COOK         | 135.70 |
| EVELYN      | MORGAN       | 114.72 |
| JEAN        | BELL         | 115.73 |
| CHERYL      | MURPHY       | 133.73 |
| MILDRED     | BAILEY       |  98.75 |
| KATHERINE   | RIVERA       |  58.86 |
| JOAN        | COOPER       |  84.77 |
| ASHLEY      | RICHARDSON   | 112.75 |
| JUDITH      | COX          | 100.67 |
| ROSE        | HOWARD       | 103.78 |
| JANICE      | WARD         | 144.66 |
| KELLY       | TORRES       |  99.78 |
| NICOLE      | PETERSON     |  94.78 |
| JUDY        | GRAY         |  96.75 |
| CHRISTINA   | RAMIREZ      |  80.82 |
| KATHY       | JAMES        | 129.70 |
| THERESA     | WATSON       |  99.70 |
| BEVERLY     | BROOKS       |  97.76 |
| DENISE      | KELLY        | 103.73 |
| TAMMY       | SANDERS      | 155.59 |
| IRENE       | PRICE        |  77.77 |
| JANE        | BENNETT      | 100.72 |
| LORI        | WOOD         | 141.69 |
| RACHEL      | BARNES       |  84.78 |
| MARILYN     | ROSS         | 137.70 |
| ANDREA      | HENDERSON    |  93.78 |
| KATHRYN     | COLEMAN      | 130.74 |
| LOUISE      | JENKINS      | 101.75 |
| SARA        | PERRY        | 141.67 |
| ANNE        | POWELL       |  87.77 |
| JACQUELINE  | LONG         | 148.67 |
| WANDA       | PATTERSON    | 145.70 |
| BONNIE      | HUGHES       |  87.79 |
| JULIA       | FLORES       | 134.68 |
| RUBY        | WASHINGTON   | 110.72 |
| LOIS        | BUTLER       | 113.65 |
| TINA        | SIMMONS      | 133.72 |
| PHYLLIS     | FOSTER       |  91.77 |
| NORMA       | GONZALES     |  79.79 |
| PAULA       | BRYANT       |  77.82 |
| DIANA       | ALEXANDER    | 105.73 |
| ANNIE       | RUSSELL      |  58.82 |
| LILLIAN     | GRIFFIN      | 106.75 |
| EMILY       | DIAZ         |  91.76 |
| ROBIN       | HAYES        | 102.76 |
| PEGGY       | MYERS        |  96.76 |
| CRYSTAL     | FORD         | 137.67 |
| GLADYS      | HAMILTON     | 146.69 |
| RITA        | GRAHAM       |  92.76 |
| DAWN        | SULLIVAN     | 120.74 |
| CONNIE      | WALLACE      | 100.77 |
| FLORENCE    | WOODS        | 126.70 |
| TRACY       | COLE         | 132.70 |
| EDNA        | WEST         | 107.74 |
| TIFFANY     | JORDAN       |  59.86 |
| CARMEN      | OWENS        |  97.74 |
| ROSA        | REYNOLDS     | 133.70 |
| CINDY       | FISHER       | 113.71 |
| GRACE       | ELLIS        | 139.67 |
| WENDY       | HARRISON     |  91.70 |
| VICTORIA    | GIBSON       | 111.73 |
| EDITH       | MCDONALD     |  71.81 |
| KIM         | CRUZ         |  82.79 |
| SHERRY      | MARSHALL     | 153.66 |
| SYLVIA      | ORTIZ        | 143.68 |
| JOSEPHINE   | GOMEZ        | 109.74 |
| THELMA      | MURRAY       | 126.68 |
| SHANNON     | FREEMAN      | 100.76 |
| SHEILA      | WELLS        |  73.82 |
| ETHEL       | WEBB         | 135.68 |
| ELLEN       | SIMPSON      | 117.72 |
| ELAINE      | STEVENS      | 107.76 |
| MARJORIE    | TUCKER       | 127.68 |
| CARRIE      | PORTER       | 124.66 |
| CHARLOTTE   | HUNTER       |  93.76 |
| MONICA      | HICKS        | 128.70 |
| ESTHER      | CRAWFORD     |  95.72 |
| PAULINE     | HENRY        |  98.73 |
| EMMA        | BOYD         |  94.77 |
| JUANITA     | MASON        | 110.70 |
| ANITA       | MORALES      |  62.85 |
| RHONDA      | KENNEDY      | 194.61 |
| HAZEL       | WARREN       | 110.66 |
| AMBER       | DIXON        | 113.73 |
| EVA         | RAMOS        |  83.82 |
| DEBBIE      | REYES        | 130.68 |
| APRIL       | BURNS        |  94.74 |
| LESLIE      | GORDON       |  89.78 |
| CLARA       | SHAW         | 195.58 |
| LUCILLE     | HOLMES       | 108.72 |
| JAMIE       | RICE         | 139.71 |
| JOANNE      | ROBERTSON    | 127.66 |
| ELEANOR     | HUNT         | 216.54 |
| VALERIE     | BLACK        | 121.74 |
| DANIELLE    | DANIELS      | 105.75 |
| MEGAN       | PALMER       |  92.73 |
| ALICIA      | MILLS        |  83.79 |
| SUZANNE     | NICHOLS      |  94.76 |
| MICHELE     | GRANT        | 130.70 |
| GAIL        | KNIGHT       | 109.75 |
| BERTHA      | FERGUSON     | 101.75 |
| DARLENE     | ROSE         | 113.69 |
| VERONICA    | STONE        | 126.68 |
| JILL        | HAWKINS      |  68.79 |
| ERIN        | DUNN         | 106.73 |
| GERALDINE   | PERKINS      | 112.70 |
| LAUREN      | HUDSON       |  71.80 |
| CATHY       | SPENCER      | 122.71 |
| JOANN       | GARDNER      |  66.84 |
| LORRAINE    | STEPHENS     |  86.79 |
| LYNN        | PAYNE        | 123.72 |
| SALLY       | PIERCE       | 119.68 |
| REGINA      | BERRY        | 135.66 |
| ERICA       | MATTHEWS     |  95.78 |
| BEATRICE    | ARNOLD       | 119.74 |
| DOLORES     | WAGNER       | 114.74 |
| BERNICE     | WILLIS       | 145.67 |
| AUDREY      | RAY          | 119.71 |
| YVONNE      | WATKINS      |  92.79 |
| ANNETTE     | OLSON        |  98.76 |
| JUNE        | CARROLL      | 173.63 |
| SAMANTHA    | DUNCAN       |  71.77 |
| MARION      | SNYDER       | 194.61 |
| DANA        | HART         | 133.71 |
| STACY       | CUNNINGHAM   |  98.77 |
| ANA         | BRADLEY      | 174.66 |
| RENEE       | LANE         |  97.74 |
| IDA         | ANDREWS      |  76.77 |
| VIVIAN      | RUIZ         |  90.77 |
| ROBERTA     | HARPER       |  84.77 |
| HOLLY       | FOX          | 114.69 |
| BRITTANY    | RILEY        | 159.72 |
| MELANIE     | ARMSTRONG    |  92.75 |
| LORETTA     | CARPENTER    |  93.78 |
| YOLANDA     | WEAVER       | 110.73 |
| JEANETTE    | GREENE       |  74.80 |
| LAURIE      | LAWRENCE     |  99.77 |
| KATIE       | ELLIOTT      | 109.75 |
| KRISTEN     | CHAVEZ       |  87.82 |
| VANESSA     | SIMS         |  86.81 |
| ALMA        | AUSTIN       | 151.65 |
| SUE         | PETERS       | 154.60 |
| ELSIE       | KELLEY       | 141.63 |
| BETH        | FRANKLIN     | 103.75 |
| JEANNE      | LAWSON       | 136.73 |
| VICKI       | FIELDS       | 108.75 |
| CARLA       | GUTIERREZ    | 103.74 |
| TARA        | RYAN         |  88.80 |
| ROSEMARY    | SCHMIDT      | 147.65 |
| EILEEN      | CARR         |  80.82 |
| TERRI       | VASQUEZ      | 126.73 |
| GERTRUDE    | CASTILLO     | 137.66 |
| LUCY        | WHEELER      |  91.74 |
| TONYA       | CHAPMAN      | 161.68 |
| ELLA        | OLIVER       | 137.69 |
| STACEY      | MONTGOMERY   | 151.66 |
| WILMA       | RICHARDS     |  91.80 |
| GINA        | WILLIAMSON   | 111.72 |
| KRISTIN     | JOHNSTON     | 116.69 |
| JESSIE      | BANKS        |  91.74 |
| NATALIE     | MEYER        |  95.77 |
| AGNES       | BISHOP       |  98.77 |
| VERA        | MCCOY        |  67.82 |
| WILLIE      | HOWELL       | 101.74 |
| CHARLENE    | ALVAREZ      | 114.73 |
| BESSIE      | MORRISON     | 132.72 |
| DELORES     | HANSEN       |  91.79 |
| MELINDA     | FERNANDEZ    |  80.83 |
| PEARL       | GARZA        |  76.78 |
| ARLENE      | HARVEY       | 120.74 |
| MAUREEN     | LITTLE       |  87.79 |
| COLLEEN     | BURTON       |  87.76 |
| ALLISON     | STANLEY      |  92.73 |
| TAMARA      | NGUYEN       |  93.75 |
| JOY         | GEORGE       | 124.67 |
| GEORGIA     | JACOBS       | 110.74 |
| CONSTANCE   | REID         |  95.75 |
| LILLIE      | KIM          |  89.77 |
| CLAUDIA     | FULLER       | 111.74 |
| JACKIE      | LYNCH        |  93.75 |
| MARCIA      | DEAN         | 175.58 |
| TANYA       | GILBERT      | 144.67 |
| NELLIE      | GARRETT      |  94.79 |
| MINNIE      | ROMERO       | 142.66 |
| MARLENE     | WELCH        | 117.74 |
| HEIDI       | LARSON       | 122.66 |
| GLENDA      | FRAZIER      | 140.68 |
| LYDIA       | BURKE        |  82.76 |
| VIOLA       | HANSON       | 129.68 |
| COURTNEY    | DAY          | 132.68 |
| MARIAN      | MENDOZA      | 107.77 |
| STELLA      | MORENO       | 104.78 |
| CAROLINE    | BOWMAN       |  50.85 |
| DORA        | MEDINA       | 107.77 |
| JO          | FOWLER       |  73.80 |
| VICKIE      | BREWER       | 120.69 |
| MATTIE      | HOFFMAN      |  64.78 |
| TERRY       | CARLSON      | 127.71 |
| MAXINE      | SILVA        | 116.68 |
| IRMA        | PEARSON      |  70.82 |
| MABEL       | HOLLAND      | 112.70 |
| MARSHA      | DOUGLAS      | 151.63 |
| MYRTLE      | FLEMING      | 110.76 |
| LENA        | JENSEN       | 168.68 |
| CHRISTY     | VARGAS       | 122.69 |
| DEANNA      | BYRD         | 107.74 |
| PATSY       | DAVIDSON     | 119.72 |
| HILDA       | HOPKINS      | 122.71 |
| GWENDOLYN   | MAY          |  98.75 |
| JENNIE      | TERRY        | 133.71 |
| NORA        | HERRERA      | 118.72 |
| MARGIE      | WADE         | 159.64 |
| NINA        | SOTO         | 123.71 |
| CASSANDRA   | WALTERS      | 129.70 |
| LEAH        | CURTIS       | 104.75 |
| PENNY       | NEAL         |  68.82 |
| KAY         | CALDWELL     |  98.80 |
| PRISCILLA   | LOWE         | 157.65 |
| NAOMI       | JENNINGS     | 152.65 |
| CAROLE      | BARNETT      | 108.70 |
| BRANDY      | GRAVES       | 122.72 |
| OLGA        | JIMENEZ      | 144.68 |
| BILLIE      | HORTON       |  88.74 |
| DIANNE      | SHELTON      | 135.69 |
| TRACEY      | BARRETT      | 118.73 |
| LEONA       | OBRIEN       |  50.86 |
| JENNY       | CASTRO       | 103.73 |
| FELICIA     | SUTTON       |  86.72 |
| SONIA       | GREGORY      | 126.72 |
| MIRIAM      | MCKINNEY     | 135.74 |
| VELMA       | LUCAS        | 117.73 |
| BECKY       | MILES        | 115.71 |
| BOBBIE      | CRAIG        |  80.76 |
| VIOLET      | RODRIQUEZ    | 142.70 |
| KRISTINA    | CHAMBERS     | 109.72 |
| TONI        | HOLT         |  95.77 |
| MISTY       | LAMBERT      | 118.73 |
| MAE         | FLETCHER     | 158.69 |
| SHELLY      | WATTS        | 113.74 |
| DAISY       | BATES        | 162.62 |
| RAMONA      | HALE         | 129.70 |
| SHERRI      | RHODES       | 128.67 |
| ERIKA       | PENA         | 101.74 |
| JAMES       | GANNON       | 131.70 |
| JOHN        | FARNSWORTH   | 137.69 |
| ROBERT      | BAUGHMAN     |  92.79 |
| MICHAEL     | SILVERMAN    | 127.71 |
| WILLIAM     | SATTERFIELD  | 100.74 |
| DAVID       | ROYAL        | 115.74 |
| RICHARD     | MCCRARY      | 109.75 |
| CHARLES     | KOWALSKI     | 138.68 |
| JOSEPH      | JOY          | 134.70 |
| THOMAS      | GRIGSBY      | 105.75 |
| CHRISTOPHER | GRECO        | 147.69 |
| DANIEL      | CABRAL       |  97.80 |
| PAUL        | TROUT        | 120.77 |
| MARK        | RINEHART     | 104.74 |
| DONALD      | MAHON        |  89.77 |
| GEORGE      | LINTON       | 131.67 |
| KENNETH     | GOODEN       |  84.83 |
| STEVEN      | CURLEY       | 132.71 |
| EDWARD      | BAUGH        | 114.72 |
| BRIAN       | WYMAN        |  52.88 |
| RONALD      | WEINER       | 132.70 |
| ANTHONY     | SCHWAB       |  71.80 |
| KEVIN       | SCHULER      | 116.78 |
| JASON       | MORRISSEY    | 128.72 |
| MATTHEW     | MAHAN        | 114.69 |
| GARY        | COY          | 103.75 |
| TIMOTHY     | BUNN         |  91.78 |
| JOSE        | ANDREW       |  96.75 |
| LARRY       | THRASHER     | 112.74 |
| JEFFREY     | SPEAR        |  90.77 |
| FRANK       | WAGGONER     | 127.68 |
| SCOTT       | SHELLEY      |  94.75 |
| ERIC        | ROBERT       | 122.73 |
| STEPHEN     | QUALLS       | 118.72 |
| ANDREW      | PURDY        | 109.73 |
| RAYMOND     | MCWHORTER    | 135.70 |
| GREGORY     | MAULDIN      |  78.77 |
| JOSHUA      | MARK         | 119.70 |
| JERRY       | JORDON       | 143.71 |
| DENNIS      | GILMAN       | 114.72 |
| WALTER      | PERRYMAN     | 127.70 |
| PATRICK     | NEWSOM       | 119.69 |
| PETER       | MENARD       | 106.77 |
| HAROLD      | MARTINO      | 130.68 |
| DOUGLAS     | GRAF         | 114.75 |
| HENRY       | BILLINGSLEY  |  73.82 |
| CARL        | ARTIS        | 106.77 |
| ARTHUR      | SIMPKINS     | 155.68 |
| RYAN        | SALISBURY    | 142.70 |
| ROGER       | QUINTANILLA  | 146.64 |
| JOE         | GILLILAND    | 138.71 |
| JUAN        | FRALEY       |  73.77 |
| JACK        | FOUST        |  89.76 |
| ALBERT      | CROUSE       |  99.77 |
| JONATHAN    | SCARBOROUGH  |  72.82 |
| JUSTIN      | NGO          | 129.64 |
| TERRY       | GRISSOM      |  72.80 |
| GERALD      | FULTZ        | 121.70 |
| KEITH       | RICO         |  89.74 |
| SAMUEL      | MARLOW       |  80.79 |
| WILLIE      | MARKHAM      | 101.75 |
| RALPH       | MADRIGAL     | 150.66 |
| LAWRENCE    | LAWTON       | 100.69 |
| NICHOLAS    | BARFIELD     | 145.68 |
| ROY         | WHITING      | 143.71 |
| BENJAMIN    | VARNEY       |  95.77 |
| BRUCE       | SCHWARZ      | 103.77 |
| BRANDON     | HUEY         | 152.63 |
| ADAM        | GOOCH        | 101.78 |
| HARRY       | ARCE         | 157.65 |
| FRED        | WHEAT        |  88.75 |
| WAYNE       | TRUONG       |  70.81 |
| BILLY       | POULIN       | 149.65 |
| STEVE       | MACKENZIE    | 158.66 |
| LOUIS       | LEONE        | 161.65 |
| JEREMY      | HURTADO      | 103.72 |
| AARON       | SELBY        | 110.76 |
| RANDY       | GAITHER      | 110.72 |
| HOWARD      | FORTNER      |  93.74 |
| EUGENE      | CULPEPPER    |  71.81 |
| CARLOS      | COUGHLIN     | 106.77 |
| RUSSELL     | BRINSON      | 136.64 |
| BOBBY       | BOUDREAU     | 106.65 |
| VICTOR      | BARKLEY      |  91.76 |
| MARTIN      | BALES        | 103.73 |
| ERNEST      | STEPP        |  89.75 |
| PHILLIP     | HOLM         | 101.74 |
| TODD        | TAN          | 117.71 |
| JESSE       | SCHILLING    | 101.74 |
| CRAIG       | MORRELL      | 124.70 |
| ALAN        | KAHN         | 124.74 |
| SHAWN       | HEATON       | 152.67 |
| CLARENCE    | GAMEZ        | 104.70 |
| SEAN        | DOUGLASS     |  91.77 |
| PHILIP      | CAUSEY       | 121.69 |
| CHRIS       | BROTHERS     |  84.78 |
| JOHNNY      | TURPIN       |  57.81 |
| EARL        | SHANKS       | 111.73 |
| JIMMY       | SCHRADER     | 105.71 |
| ANTONIO     | MEEK         |  78.84 |
| DANNY       | ISOM         |  91.79 |
| BRYAN       | HARDISON     | 124.72 |
| TONY        | CARRANZA     |  73.79 |
| LUIS        | YANEZ        |  79.80 |
| MIKE        | WAY          | 166.65 |
| STANLEY     | SCROGGINS    | 139.70 |
| LEONARD     | SCHOFIELD    | 109.68 |
| NATHAN      | RUNYON       | 122.68 |
| DALE        | RATCLIFF     | 112.73 |
| MANUEL      | MURRELL      | 116.70 |
| RODNEY      | MOELLER      | 104.77 |
| CURTIS      | IRBY         | 167.62 |
| NORMAN      | CURRIER      |  80.74 |
| ALLEN       | BUTTERFIELD  |  85.79 |
| MARVIN      | YEE          |  75.79 |
| VINCENT     | RALSTON      | 105.75 |
| GLENN       | PULLEN       |  93.77 |
| JEFFERY     | PINSON       | 121.69 |
| TRAVIS      | ESTEP        | 110.75 |
| JEFF        | EAST         | 107.70 |
| CHAD        | CARBONE      |  89.75 |
| JACOB       | LANCE        |  79.79 |
| LEE         | HAWKS        | 119.73 |
| MELVIN      | ELLINGTON    |  97.74 |
| ALFRED      | CASILLAS     | 120.74 |
| KYLE        | SPURLOCK     | 110.70 |
| FRANCIS     | SIKES        | 104.74 |
| BRADLEY     | MOTLEY       | 126.73 |
| JESUS       | MCCARTNEY    | 114.76 |
| HERBERT     | KRUGER       |  78.80 |
| FREDERICK   | ISBELL       | 105.79 |
| RAY         | HOULE        |  79.78 |
| JOEL        | FRANCISCO    |  95.77 |
| EDWIN       | BURK         | 116.77 |
| DON         | BONE         | 133.75 |
| EDDIE       | TOMLIN       | 128.73 |
| RICKY       | SHELBY       |  91.75 |
| TROY        | QUIGLEY      | 144.70 |
| RANDALL     | NEUMANN      |  99.77 |
| BARRY       | LOVELACE     | 134.67 |
| ALEXANDER   | FENNELL      | 151.64 |
| BERNARD     | COLBY        |  88.78 |
| MARIO       | CHEATHAM     | 112.72 |
| LEROY       | BUSTAMANTE   | 118.68 |
| FRANCISCO   | SKIDMORE     |  98.78 |
| MARCUS      | HIDALGO      | 115.70 |
| MICHEAL     | FORMAN       | 102.74 |
| THEODORE    | CULP         | 116.69 |
| CLIFFORD    | BOWENS       | 113.71 |
| MIGUEL      | BETANCOURT   | 135.71 |
| OSCAR       | AQUINO       |  99.80 |
| JAY         | ROBB         |  89.74 |
| JIM         | REA          | 128.67 |
| TOM         | MILNER       | 107.68 |
| CALVIN      | MARTEL       | 111.77 |
| ALEX        | GRESHAM      | 151.67 |
| JON         | WILES        |  87.76 |
| RONNIE      | RICKETTS     | 100.75 |
| BILL        | GAVIN        | 114.72 |
| LLOYD       | DOWD         |  66.81 |
| TOMMY       | COLLAZO      | 186.62 |
| LEON        | BOSTIC       | 109.75 |
| DEREK       | BLAKELY      |  97.72 |
| WARREN      | SHERROD      | 159.67 |
| DARRELL     | POWER        |  91.75 |
| JEROME      | KENYON       |  73.84 |
| FLOYD       | GANDY        |  69.83 |
| LEO         | EBERT        | 104.77 |
| ALVIN       | DELOACH      | 139.71 |
| TIM         | CARY         | 175.61 |
| WESLEY      | BULL         | 177.60 |
| GORDON      | ALLARD       | 160.68 |
| DEAN        | SAUER        | 109.73 |
| GREG        | ROBINS       | 141.70 |
| JORGE       | OLIVARES     | 134.66 |
| DUSTIN      | GILLETTE     | 100.74 |
| PEDRO       | CHESTNUT     | 103.76 |
| DERRICK     | BOURQUE      |  95.78 |
| DAN         | PAINE        | 109.78 |
| LEWIS       | LYMAN        |  86.81 |
| ZACHARY     | HITE         | 146.69 |
| COREY       | HAUSER       | 101.78 |
| HERMAN      | DEVORE       | 115.71 |
| MAURICE     | CRAWLEY      | 138.71 |
| VERNON      | CHAPA        |  88.82 |
| ROBERTO     | VU           | 139.70 |
| CLYDE       | TOBIAS       | 115.71 |
| GLEN        | TALBERT      | 113.74 |
| HECTOR      | POINDEXTER   | 119.74 |
| SHANE       | MILLARD      |  95.78 |
| RICARDO     | MEADOR       |  99.79 |
| SAM         | MCDUFFIE     | 117.76 |
| RICK        | MATTOX       | 124.73 |
| LESTER      | KRAUS        |  65.84 |
| BRENT       | HARKINS      | 112.77 |
| RAMON       | CHOATE       | 140.69 |
| CHARLIE     | BESS         | 120.74 |
| TYLER       | WREN         |  88.79 |
| GILBERT     | SLEDGE       | 129.72 |
| GENE        | SANBORN      |  97.73 |
| MARC        | OUTLAW       | 123.70 |
| REGINALD    | KINDER       | 115.72 |
| RUBEN       | GEARY        |  89.79 |
| BRETT       | CORNWELL     | 138.66 |
| ANGEL       | BARCLAY      | 115.68 |
| NATHANIEL   | ADAM         | 133.72 |
| RAFAEL      | ABNEY        |  97.79 |
| LESLIE      | SEWARD       | 152.65 |
| EDGAR       | RHOADS       |  95.75 |
| MILTON      | HOWLAND      | 127.75 |
| RAUL        | FORTIER      | 100.80 |
| BEN         | EASTER       | 122.74 |
| CHESTER     | BENNER       |  99.76 |
| CECIL       | VINES        | 115.74 |
| DUANE       | TUBBS        | 148.69 |
| FRANKLIN    | TROUTMAN     |  74.78 |
| ANDRE       | RAPP         | 126.72 |
| ELMER       | NOE          |  98.74 |
| BRAD        | MCCURDY      | 105.75 |
| GABRIEL     | HARDER       | 111.74 |
| RON         | DELUCA       | 103.77 |
| MITCHELL    | WESTMORELAND | 134.68 |
| ROLAND      | SOUTH        |  80.77 |
| ARNOLD      | HAVENS       | 167.67 |
| HARVEY      | GUAJARDO     |  93.78 |
| JARED       | ELY          |  87.81 |
| ADRIAN      | CLARY        |  74.81 |
| KARL        | SEAL         | 221.55 |
| CORY        | MEEHAN       |  81.76 |
| CLAUDE      | HERZOG       | 111.75 |
| ERIK        | GUILLEN      | 118.71 |
| DARRYL      | ASHCRAFT     |  76.77 |
| JAMIE       | WAUGH        | 118.75 |
| NEIL        | RENNER       | 152.68 |
| JESSIE      | MILAM        | 141.67 |
| CHRISTIAN   | JUNG         |  88.76 |
| JAVIER      | ELROD        | 135.68 |
| FERNANDO    | CHURCHILL    | 117.75 |
| CLINTON     | BUFORD       | 103.75 |
| TED         | BREAUX       | 117.71 |
| MATHEW      | BOLIN        |  90.78 |
| TYRONE      | ASHER        | 112.76 |
| DARREN      | WINDHAM      | 108.76 |
| LONNIE      | TIRADO       |  94.82 |
| LANCE       | PEMBERTON    |  82.78 |
| CODY        | NOLEN        |  98.78 |
| JULIO       | NOLAND       |  89.79 |
| KELLY       | KNOTT        | 103.75 |
| KURT        | EMMONS       |  99.77 |
| ALLAN       | CORNISH      |  79.81 |
| NELSON      | CHRISTENSON  |  77.80 |
| GUY         | BROWNLEE     | 159.68 |
| CLAYTON     | BARBEE       |  96.74 |
| HUGH        | WALDROP      |  90.79 |
| MAX         | PITT         | 107.76 |
| DWAYNE      | OLVERA       | 101.78 |
| DWIGHT      | LOMBARDI     |  74.83 |
| ARMANDO     | GRUBER       |  83.79 |
| FELIX       | GAFFNEY      |  73.76 |
| JIMMIE      | EGGLESTON    | 135.72 |
| EVERETT     | BANDA        | 110.72 |
| JORDAN      | ARCHULETA    | 132.70 |
| IAN         | STILL        |  96.73 |
| WALLACE     | SLONE        | 109.75 |
| KEN         | PREWITT      | 110.71 |
| BOB         | PFEIFFER     |  91.76 |
| JAIME       | NETTLES      | 126.71 |
| CASEY       | MENA         | 141.66 |
| ALFREDO     | MCADAMS      |  85.80 |
| ALBERTO     | HENNING      |  66.79 |
| DAVE        | GARDINER     | 134.68 |
| IVAN        | CROMWELL     |  99.74 |
| JOHNNIE     | CHISHOLM     | 121.76 |
| SIDNEY      | BURLESON     | 108.75 |
| BYRON       | BOX          | 120.71 |
| JULIAN      | VEST         | 109.72 |
| ISAAC       | OGLESBY      | 126.71 |
| MORRIS      | MCCARTER     | 139.66 |
| CLIFTON     | MALCOLM      | 117.73 |
| WILLARD     | LUMPKIN      |  96.78 |
| DARYL       | LARUE        | 111.73 |
| ROSS        | GREY         |  99.73 |
| VIRGIL      | WOFFORD      | 107.73 |
| ANDY        | VANHORN      | 113.75 |
| MARSHALL    | THORN        | 117.77 |
| SALVADOR    | TEEL         | 129.70 |
| PERRY       | SWAFFORD     | 117.76 |
| KIRK        | STCLAIR      |  64.81 |
| SERGIO      | STANFIELD    | 108.74 |
| MARION      | OCAMPO       | 115.71 |
| TRACY       | HERRMANN     | 129.72 |
| SETH        | HANNON       | 112.75 |
| KENT        | ARSENAULT    | 134.73 |
| TERRANCE    | ROUSH        | 111.71 |
| RENE        | MCALISTER    | 113.74 |
| EDUARDO     | HIATT        | 130.73 |
| TERRENCE    | GUNDERSON    | 117.70 |
| ENRIQUE     | FORSYTHE     |  96.72 |
| FREDDIE     | DUGGAN       |  99.75 |
| WADE        | DELVALLE     |  83.78 |
| AUSTIN      | CINTRON      |  83.81 |
+-------------+--------------+------